Microsoft Windows [Version 10.0.19045.4529]
(c) Microsoft Corporation. All rights reserved.

C:\Users\Naumaan>cd C:\Users\Naumaan\Documents\kubernetes

C:\Users\Naumaan\Documents\kubernetes>dir
 Volume in drive C has no label.
 Volume Serial Number is B8F0-B023

 Directory of C:\Users\Naumaan\Documents\kubernetes

08/10/2024  10:46 AM    <DIR>          .
08/10/2024  10:46 AM    <DIR>          ..
08/10/2024  10:45 AM                 0 deployment.txt
               1 File(s)              0 bytes
               2 Dir(s)  36,458,000,384 bytes free

C:\Users\Naumaan\Documents\kubernetes>rename deployment.txt deployment.yaml

C:\Users\Naumaan\Documents\kubernetes>dir
 Volume in drive C has no label.
 Volume Serial Number is B8F0-B023

 Directory of C:\Users\Naumaan\Documents\kubernetes

08/10/2024  10:47 AM    <DIR>          .
08/10/2024  10:47 AM    <DIR>          ..
08/10/2024  10:45 AM                 0 deployment.yaml
               1 File(s)              0 bytes
               2 Dir(s)  34,932,707,328 bytes free

C:\Users\Naumaan\Documents\kubernetes>rename deployment.yaml mysql-deployment.yaml

C:\Users\Naumaan\Documents\kubernetes>dir
 Volume in drive C has no label.
 Volume Serial Number is B8F0-B023

 Directory of C:\Users\Naumaan\Documents\kubernetes

08/10/2024  10:56 AM    <DIR>          .
08/10/2024  10:56 AM    <DIR>          ..
08/10/2024  10:55 AM               762 mysql-deployment.yaml
               1 File(s)            762 bytes
               2 Dir(s)  34,630,672,384 bytes free

C:\Users\Naumaan\Documents\kubernetes>docker ps
CONTAINER ID   IMAGE     COMMAND   CREATED   STATUS    PORTS     NAMES

C:\Users\Naumaan\Documents\kubernetes>kubectl
kubectl controls the Kubernetes cluster manager.

 Find more information at: https://kubernetes.io/docs/reference/kubectl/

Basic Commands (Beginner):
  create          Create a resource from a file or from stdin
  expose          Take a replication controller, service, deployment or pod and expose it as a new Kubernetes service
  run             Run a particular image on the cluster
  set             Set specific features on objects

Basic Commands (Intermediate):
  explain         Get documentation for a resource
  get             Display one or many resources
  edit            Edit a resource on the server
  delete          Delete resources by file names, stdin, resources and names, or by resources and label selector

Deploy Commands:
  rollout         Manage the rollout of a resource
  scale           Set a new size for a deployment, replica set, or replication controller
  autoscale       Auto-scale a deployment, replica set, stateful set, or replication controller

Cluster Management Commands:
  certificate     Modify certificate resources
  cluster-info    Display cluster information
  top             Display resource (CPU/memory) usage
  cordon          Mark node as unschedulable
  uncordon        Mark node as schedulable
  drain           Drain node in preparation for maintenance
  taint           Update the taints on one or more nodes

Troubleshooting and Debugging Commands:
  describe        Show details of a specific resource or group of resources
  logs            Print the logs for a container in a pod
  attach          Attach to a running container
  exec            Execute a command in a container
  port-forward    Forward one or more local ports to a pod
  proxy           Run a proxy to the Kubernetes API server
  cp              Copy files and directories to and from containers
  auth            Inspect authorization
  debug           Create debugging sessions for troubleshooting workloads and nodes
  events          List events

Advanced Commands:
  diff            Diff the live version against a would-be applied version
  apply           Apply a configuration to a resource by file name or stdin
  patch           Update fields of a resource
  replace         Replace a resource by file name or stdin
  wait            Experimental: Wait for a specific condition on one or many resources
  kustomize       Build a kustomization target from a directory or URL

Settings Commands:
  label           Update the labels on a resource
  annotate        Update the annotations on a resource
  completion      Output shell completion code for the specified shell (bash, zsh, fish, or powershell)

Subcommands provided by plugins:

Other Commands:
  api-resources   Print the supported API resources on the server
  api-versions    Print the supported API versions on the server, in the form of "group/version"
  config          Modify kubeconfig files
  plugin          Provides utilities for interacting with plugins
  version         Print the client and server version information

Usage:
  kubectl [flags] [options]

Use "kubectl <command> --help" for more information about a given command.
Use "kubectl options" for a list of global command-line options (applies to all commands).

C:\Users\Naumaan\Documents\kubernetes>kubectl get
You must specify the type of resource to get. Use "kubectl api-resources" for a complete list of supported resources.

error: Required resource not specified.
Use "kubectl explain <resource>" for a detailed description of that resource (e.g. kubectl explain pods).
See 'kubectl get -h' for help and examples

C:\Users\Naumaan\Documents\kubernetes>kubectl get pods
No resources found in default namespace.

C:\Users\Naumaan\Documents\kubernetes>kubectl apply -f mysql-deployment.yaml
deployment.apps/mysql created

C:\Users\Naumaan\Documents\kubernetes>kubectl get pods
NAME                    READY   STATUS    RESTARTS   AGE
mysql-9d69747f9-wj79t   1/1     Running   0          12s

C:\Users\Naumaan\Documents\kubernetes>kubectl apply -f mysql-service.yaml
service/mysql created

C:\Users\Naumaan\Documents\kubernetes>kubectl get pods
NAME                    READY   STATUS    RESTARTS   AGE
mysql-9d69747f9-wj79t   1/1     Running   0          4m57s

C:\Users\Naumaan\Documents\kubernetes>kubectl get svc
NAME         TYPE        CLUSTER-IP   EXTERNAL-IP   PORT(S)    AGE
kubernetes   ClusterIP   10.96.0.1    <none>        443/TCP    35m
mysql        ClusterIP   None         <none>        3306/TCP   40s

C:\Users\Naumaan\Documents\kubernetes>connect mysql
'connect' is not recognized as an internal or external command,
operable program or batch file.

C:\Users\Naumaan\Documents\kubernetes>mysql
'mysql' is not recognized as an internal or external command,
operable program or batch file.

C:\Users\Naumaan\Documents\kubernetes>mysql -h localhost -P 3306 -u root -p
'mysql' is not recognized as an internal or external command,
operable program or batch file.

C:\Users\Naumaan\Documents\kubernetes>kubectl exec -it mysql-9d69747f9-wj79t -- /bin/bash
bash-4.4# hostname
bash: hostname: command not found
bash-4.4# mysql
ERROR 1045 (28000): Access denied for user 'root'@'localhost' (using password: NO)
bash-4.4# mysql -u root -p rootpassword
Enter password:
ERROR 1049 (42000): Unknown database 'rootpassword'
bash-4.4# mysql -u root
ERROR 1045 (28000): Access denied for user 'root'@'localhost' (using password: NO)
bash-4.4# mysql -u root -p
Enter password:
ERROR 1045 (28000): Access denied for user 'root'@'localhost' (using password: YES)
bash-4.4# mysql -u root -p
Enter password:
Welcome to the MySQL monitor.  Commands end with ; or \g.
Your MySQL connection id is 12
Server version: 8.2.0 MySQL Community Server - GPL

Copyright (c) 2000, 2023, Oracle and/or its affiliates.

Oracle is a registered trademark of Oracle Corporation and/or its
affiliates. Other names may be trademarks of their respective
owners.

Type 'help;' or '\h' for help. Type '\c' to clear the current input statement.

mysql>